▶ модель (настоящий calc() из calc.html)
▶ краевые случаи
▶ идеальный сценарий
▶ текущий сценарий
▶ программа лояльности
▶ согласованность файлов
▶ книга ↔ код
▶ готовность к публикации

  ✓ на руки = цель · НПД 4 %  — 1,322,592 против 1,322,592
  ✓ на руки = цель · НПД 5 %  — 1,322,592 против 1,322,592
  ✓ на руки = цель · НПД 6 %  — 1,322,592 против 1,322,592
  ✓ на руки = цель · УСН 6 %  — 1,322,592 против 1,322,592
  ✓ на руки = цель · УСН 15 %  — 1,322,592 против 1,322,592
  ✓ на руки = цель · АУСН 8 %  — 1,322,592 против 1,322,592
  ✓ на руки = цель · АУСН 20 %  — 1,322,592 против 1,322,592
  ✓ на руки = цель · с фондом и резервом скидки
  ✓ на руки = цель · без оформления
  ✓ иерархия: съёмочное + постпродакшн + проектное клиентское = проектное
  ✓ контракт: удалены неиспользуемые агрегаты и старые режимы
  ✓ сектор отпуска = месячный доход
  ✓ сетка скидок: выручка одинакова при любой длительности  — разброс 0.00 ₽
  ✓ сетка скидок: ставка часа убывает с длительностью  — 9,801 → 8,820 → 8,330 → 8,167
  ✓ сетка скидок: Прайс строится от минимальной съёмки через +2/+4/+6 часов  — 1 ч: 9,900 ₽ / 3 ч: 8,500 ₽ / 5 ч: 8,300 ₽ / 7 ч: 8,200 ₽
  ✓ загрузка: loadGoal.shoots = количество проектов при S 0,5–8 ч
  ✓ загрузка: идеальная ставка укладывается в стандартный фонд времени
  ✓ загрузка: проекты × часы съёмки × текущая ставка = целевая выручка
  ✓ загрузка: проекты × часы съёмки × ставка в ноль = целевая выручка
  ✓ продвижение 7,5 ч/день не даёт отрицательных часов  — pool 307 ч, ставка 31,818 ₽/ч
  ✓ поиск заказов: период день/неделя/месяц масштабирует часы  — день 438.0, неделя 87.6, месяц 24.0
  ✓ экстремальные проценты не взрывают выручку  — R 4,502,127 при D 0.25
  ✓ нулевая длительность съёмки обрабатывается  — sh 0, R 0
  ✓ безубыточность анкеты сходится в ноль · НПД 4 %  — +0.00 ₽
  ✓ безубыточность анкеты сходится в ноль · НПД 5 %  — +0.00 ₽
  ✓ безубыточность анкеты сходится в ноль · НПД 6 %  — -0.00 ₽
  ✓ безубыточность анкеты сходится в ноль · УСН 6 %  — +0.00 ₽
  ✓ безубыточность анкеты сходится в ноль · УСН 15 %  — -0.00 ₽
  ✓ безубыточность анкеты сходится в ноль · АУСН 8 %  — -0.00 ₽
  ✓ безубыточность анкеты сходится в ноль · АУСН 20 %  — -0.00 ₽
  ✓ ставка в ноль точна при длительности 0,5–8 ч
  ✓ месячная выручка в ноль = годовая / 12
  ✓ съёмки при Ставке в ноль покрывают расходы
  ✓ безубыточность · налоги выключены
  ✓ безубыточность · фонды не входят (только необходимые расходы)
  ✓ безубыточность · сайт сделан самостоятельно
  ✓ безубыточность · дополнительная банковская комиссия
  ✓ идеальный сценарий сходится · по умолчанию
  ✓ идеальный сценарий сходится · налоги выключены
  ✓ идеальный сценарий сходится · фонды включены
  ✓ идеальный сценарий сходится · собственный сайт
  ✓ идеальный сценарий сходится · банк исключён
  ✓ идеальный сценарий сходится · фонды и собственный сайт
  ✓ идеальный сценарий · эффективные нули
  ✓ идеальное кольцо · сумма дохода и всех затрат равна выручке
  ✓ текущий сценарий сходится · по умолчанию
  ✓ текущий сценарий сходится · налоги выключены
  ✓ текущий сценарий сходится · фонды включены
  ✓ текущий сценарий сходится · собственный сайт
  ✓ текущий сценарий сходится · банк исключён
  ✓ текущий сценарий сходится · нулевая ставка
  ✓ текущий сценарий сходится · ставка 1 000
  ✓ текущий сценарий сходится · ставка 3 000
  ✓ время · исключённая Проектная работа с клиентами не передаёт ответ
  ✓ время · исключённый Поиск заказов не передаёт сырой ответ
  ✓ налоги · УСН не передаёт сохранённый тип заказчиков НПД
  ✓ налоги · активная ветка НПД передаёт тип заказчиков
  ✓ налоги · исключённый блок явно сообщает «Не учитывается» без типа заказчиков
  ✓ эффективный ноль · отключённый налог
  ✓ прямые галочки · выключенные параметры не передают ответы
  ✓ эффективный ноль · выключенные фонды
  ✓ эффективный ноль · неактивная ветка собственного сайта
  ✓ банк · удалённый Эквайринг не передаёт ставку и долю
  ✓ банк · дополнительные комиссии исключённого блока не передаются
  ✓ рабочее место · собственное жильё: аренда или ипотека получает эффективный ноль  — Содержание рабочего места 10,080 ₽/год; ответ 0
  ✓ рабочее место · отдельное помещение: аренда и коммунальные учитываются полностью  — 264,000 ₽/год
  ✓ рабочее место · исключённый блок: содержание и обустройство получают ноль
  ✓ каталог · исключённый блок не передаёт позиции · Съёмочное оборудование
  ✓ каталог · исключённый блок не передаёт позиции · Реклама
  ✓ обучение · исключённый блок получает эффективный ноль
  ✓ обучение · нулевой срок не вызывает деление на ноль
  ✓ сайт · ответы подрядчика не содержат сырое время самостоятельной ветки
  ✓ сайт · подрядчик: стоимость распределяется, Инвестиционное время равно нулю
  ✓ сайт · самостоятельная ветка не содержит сырую стоимость подрядчика
  ✓ сайт · самостоятельно: деньги равны нулю, Инвестиционное время компенсируется  — 14,663.84 ₽/год
  ✓ сайт · исключённый блок не передаёт пользовательские ответы
  ✓ сайт · исключённый блок: деньги и Инвестиционное время получают ноль
  ✓ сайт · нулевой срок не вызывает деление на ноль
  ✓ убыток не обрезается и сохраняет знак минус
  ✓ фонд лояльности сходится · резерв 15 %  — сумма направлений 349,454 против фонда 349,454
  ✓ постоянные ≤ 30 % потока заказов · резерв 15 %  — 42 из 199 = 21 %
  ✓ фонд лояльности сходится · резерв 10 %  — сумма направлений 218,815 против фонда 218,815
  ✓ постоянные ≤ 30 % потока заказов · резерв 10 %  — 42 из 199 = 21 %
  ✓ фонд лояльности сходится · резерв 5 %  — сумма направлений 103,142 против фонда 103,142
  ✓ постоянные ≤ 30 % потока заказов · резерв 5 %  — 42 из 199 = 21 %
  ✓ фонд лояльности сходится · резерв 5 %, съёмка 6 ч  — сумма направлений 103,142 против фонда 103,142
  ✓ постоянные ≤ 30 % потока заказов · резерв 5 %, съёмка 6 ч  — 8 из 40 = 20 %
  ✓ фонд лояльности сходится · резерв 5 %, съёмка 8 ч  — сумма направлений 103,142 против фонда 103,142
  ✓ постоянные ≤ 30 % потока заказов · резерв 5 %, съёмка 8 ч  — 2 из 30 = 7 %
  ✓ отчёт: часовые ставки названы по справочнику  — эталон названий — лист 01_Глоссарий книги
  ✓ три сценария Ставки часа съёмки связаны правильно
  ✓ карточка «Желаемый доход»: ставка берётся из d.rateHour
  ✓ карточка «Желаемый доход»: три суммы показаны до целого рубля
  ✓ идеальное кольцо берёт полный состав затрат из calc()
  ✓ «Всего расходов» приходит готовым из calc()
  ✓ детализация: вложения и резервный фонд разделены
  ✓ проектное время — годовой pool, а не длительность проекта
  ✓ отчёт: Скидка за объём строится от Продолжительности съёмки пользователя
  ✓ календарь: Выходной и Праздник разделены
  ✓ лояльность: внутренние правила не выводятся пользователю
  ✓ лояльность: неподтверждённая экономия постоянного клиента удалена
  ✓ отчёт: безубыточность берётся из d.Rb
  ✓ отчёт: ставка в ноль берётся из d.rateZero
  ✓ карточка «В ноль»: ставка и выручка показаны до целого рубля
  ✓ карточка «Дохода нет»: количество съёмок не дублирует блок загрузки
  ✓ денежный формат с копейками удалён из пользовательского интерфейса
  ✓ блок «Четыре цифры»: ставка в ноль округляется вверх до 100 ₽
  ✓ карточка «Текущий доход» берёт готовый currentResult из calc()
  ✓ карточка «Текущий доход» не обрезает убыток до нуля
  ✓ карточка «Текущий доход» меняет подпись на «Ваш убыток»
  ✓ убыток показывается сравнительной плашкой и знаком минус
  ✓ ставка эквайринга берётся из анкеты, а не зашита в отчёт  — в отчёте осталось зашитое — · в анкете 2.7 %
  ✓ анкета: собственное жильё блокирует поле аренды или ипотеки
  ✓ анкета: переключатель Рабочего места меняет домашнюю и арендную ветки
  ✓ income_month: денежное поле 10 000–3 000 000 ₽ без копеек, шаг 100 ₽
  ✓ current_rate: денежное поле 0–1 000 000 ₽ без копеек, шаг 100 ₽
  ✓ frames_out: целое количество 1–1 000 кадров/ч, шаг 10
  ✓ shutter_per_hour: целое количество 1–1 000 срабатываний/ч, шаг 10
  ✓ Form001 и Form002: срок службы позиции 1–30 лет, целые годы, шаг 1
  ✓ Form004: срок службы Купленной программы 1–10 лет, целые годы, шаг 1
  ✓ Form013: срок службы Обустройства рабочего места 1–30 лет
  ✓ Form006: период обучения 0–60 месяцев, целые месяцы, шаг 1
  ✓ Form001 и Form002: стоимость позиции 0–10 000 000 ₽, целые рубли, шаг 100
  ✓ Form003: платёж подписки 0–100 000 ₽, целые рубли, шаг 100
  ✓ Form004: купленная программа 0–100 000 ₽, целые рубли, шаг 100
  ✓ Form013: обустройство рабочего места 0–500 000 ₽, целые рубли, шаг 100
  ✓ Form006: стоимость обучения 0–1 000 000 ₽, целые рубли, шаг 100
  ✓ Form010: рекламный платёж 0–1 000 000 ₽, целые рубли, шаг 100
  ✓ Form007: регулярный банковский платёж 0–100 000 ₽ без предупреждения о нуле
  ✓ bank_extra_rate: 0–100% с точным шагом 0,1 процентного пункта
  ✓ Запас на скидку: только 5/10/15%, выбрано 15%, блок выключен
  ✓ fm_pct: ползунок 0–15%, целые проценты, шаг 1, выключен по умолчанию
  ✓ acc_cost_month: 0–500 000 ₽/мес, целые рубли, шаг 100
  ✓ acc_per_quarter: 0–500 часов/квартал с точным шагом 0,5 часа
  ✓ acq_share: 0–100%, целые проценты, шаг стрелок 5 без жёсткой кратности
  ✓ acq_rate: 0–10% с точным шагом 0,1 процентного пункта
  ✓ site_life: включённый блок 1–10 лет, целые годы, шаг 1
  ✓ site_hours: 0–10 000 часов, целое количество, шаг 1
  ✓ site_cost: 0–1 000 000 ₽, целые рубли, шаг 100
  ✓ edu_life: включённый блок 1–30 лет, целые годы, шаг 1
  ✓ office_util: 0–100 000 ₽/мес, целые рубли, шаг 100
  ✓ office_rent: 0–500 000 ₽/мес, целые рубли, шаг 100
  ✓ cab_area: активное поле 0,1–100 м², шаг 0,1 и не больше home_area
  ✓ home_util: 0–100 000 ₽/мес, целые рубли, шаг 100
  ✓ home_rent: 0–500 000 ₽/мес, целые рубли, шаг 100
  ✓ promo_amt: включённый блок 0,5–8 ч (день)/40 (неделя)/160 (месяц), шаг 0,5
  ✓ promo_per: период поиска заказов день/неделя/месяц участвует в расчёте
  ✓ client_time: включённый блок 0,5–72 часа на проект с шагом 0,5
  ✓ post_ratio: 0–72 часа на час съёмки с точным шагом 0,5 часа
  ✓ shoot_manual: 0,5–72 часа с точным шагом 0,5 часа
  ✓ shutter_life: целый ресурс 10 000–1 000 000 срабатываний, шаг 10 000
  ✓ каталоги Form001, Form002, Form004 и Form013 публикуют пределы срока
  ✓ каталоги Form001–Form004, Form006, Form007, Form010 и Form013 публикуют пределы стоимости
  ✓ З-038: округлённый финансовый результат не показывает отрицательный ноль  — ['0 ₽', '−1 ₽', '0 ₽']
  ✓ report: З-016 задаёт горизонтальный A4, полные колонтитулы и три режима печати
  ✓ report: три контрольных PDF существуют, читаются и имеют горизонтальный формат A4
  ✓ report: справочник и вводные PDF формируются из канонических данных
  ✓ report: печатная версия раскрывает детализацию и скрывает служебные панели
  ✓ calc: баланс CSS-скобок  — +0
  ✓ calc: все CSS-переменные объявлены
  ✓ report: баланс CSS-скобок  — +0
  ✓ report: все CSS-переменные объявлены
  ✓ calc: баланс HTML-тегов
  ✓ report: баланс HTML-тегов
  ✓ index: баланс HTML-тегов
  ✓ З-038: сумма и ответы дополнительных комиссий используют один список
  ✓ З-038: сумма и детализация каталогов используют один слой исключения
  ✓ З-038: все checkbox и radio классифицируются по роли эффективного значения
  ✓ index: все смысловые блоки имеют уникальный технический ID  — 2 ID, уникальных 2, ожидается 2
  ✓ index: закреплён data-page-id=PAGE-INDEX
  ✓ calc: закреплён data-page-id=PAGE-CALC
  ✓ report: закреплён data-page-id=PAGE-REPORT
  ✓ calc: условные ветки имеют стабильные ID  — 10 ID, уникальных 10
  ✓ calc: зелёный ромб — правый (x=19.81)
  ✓ calc: ровно один зелёный ромб на знак
  ✓ calc: геометрия знака 10.10 / rx 1.90
  ✓ calc: нет следов анимации знака
  ✓ calc: написание «счётикс» с буквой ё
  ✓ report: зелёный ромб — правый (x=19.81)
  ✓ report: ровно один зелёный ромб на знак
  ✓ report: геометрия знака 10.10 / rx 1.90
  ✓ report: нет следов анимации знака
  ✓ report: написание «счётикс» с буквой ё
  ✓ каркас: написание «счётикс» с буквой ё
  ✓ calc: JS компилируется
  ✓ report: JS компилируется
  ✓ index: JS компилируется
  ✓ З-038: 11 meta-понятий архитектуры сохранены в глоссарии дословно
  ✓ значения по умолчанию совпадают с книгой
  ✓ переключатели книги совпадают с анкетой
  ✓ канонический реестр правил: 19 последовательных ID  — RULE-001, RULE-002, RULE-003, RULE-004, RULE-005, RULE-006, RULE-007, RULE-008, RULE-009, RULE-010, RULE-011, RULE-012, RULE-013, RULE-014, RULE-015, RULE-016, RULE-017, RULE-018, RULE-019
  ✓ RULE-010: собственное жильё блокирует аренду или ипотеку
  ✓ налоговые константы совпадают с книгой
  ✓ чистая книга: ровно 11 утверждённых листов  — 11 листов
  ✓ чистая книга: нет расчётных ссылок на 03_Каталоги и 05_Расчёт
  ✓ чистая книга: финансовое ядро связано именами
  ✓ чистая книга: удалённые промежуточные дубли не возвращаются
  ✓ чистая книга: устаревшие наименования calc не возвращаются
  ✓ чистая книга: активные ID calc уникальны
  ✓ чистая книга: базовая ставка питается выбранной выручкой  — =IF(net_time=0,0,revenue_target/net_time)
  ✓ чистая книга: текущий результат не обрезается и учитывает все затраты  — =revenue_current-current_costs_total_model
  ✓ чистая книга: Полный_отчёт содержит показатели, диаграммы и полный контракт d  — 117 строк
  ✓ чистая книга: Правило ID Полного_отчёта ведёт в RULE-001…019
  ✓ чистая книга: Программа_лояльности содержит формулы и контрольные сценарии  — 78 строк
  ✓ чистая книга: Полный_отчёт не зависит от старых сводных листов
  ✓ чистая книга: единицы записаны через слэш без устаревших вариантов
  ✓ себестоимость: налоги и эквайринг берутся от Точки безубыточности  — 2,602.76 ₽/ч
  ✓ ссылки таблиц ведут на существующие записи справочника
  ✓ передача сессии: все универсальные файлы и текущая точка существуют
  ✓ передача сессии: записаны ровно шесть последовательных промптов
  ✗ иерархия: операционное + резерв + проектное = эффективное
  ✗ сумма сегментов кольца = выручка  — Δ -60618.8000
  ✗ доходные сектора = доход без отпуска
  ✗ прямые галочки · включённые параметры передают выбранный процент, включая 0
  ✗ учёт · исключённый блок не передаёт способ, часы и стоимость
  ✗ учёт · самостоятельная ветка не передаёт стоимость специалиста
  ✗ учёт · наёмная ветка не передаёт сырые самостоятельные часы
  ✗ банк · исключённый блок не передаёт платежи, Эквайринг и долю
  ✗ банк · названные дополнительные комиссии передаются, пустая строка нет
  ✗ рабочее место · исключённый блок не передаёт пользовательские ответы
  ✗ рабочее место · report получает только выбранную ветку отдельного помещения
  ✗ рабочее место · удалённые домашние строки не передаются в report
  ✗ обучение · несколько курсов: стоимость и периоды без дохода суммируются  — 108,756.57 ₽/год
  ✗ каталог · исключённый блок не передаёт позиции · Офисное оборудование
  ✗ каталог · исключённый блок не передаёт позиции · Программное обеспечение
  ✗ каталог · исключённый блок не передаёт позиции · Обустройство рабочего места
  ✗ каталог · исключённый блок не передаёт позиции · Обучение
  ✗ каталог · исключённый блок не передаёт позиции · Регулярные банковские платежи
  ✗ обучение · исключённый блок не передаёт срок окупаемости
  ✗ report.html совпадает с каркасом  — 6354 строк расходятся
  ✗ fund_pct: ползунок 0–100%, целые проценты, шаг 1, включён по умолчанию (18% = окупаемость 3 года)
  ✗ home_area: активное поле 1–1 000 м² с шагом 0,1
  ✗ утверждённые числовые пределы применяются сразу возле поля
  ✗ в .wp ровно 20 блоков по контракту report  — 30
  ✗ report: маршрут бюджет → время → сценарии → благодарность → загрузка → скидка → налоги
  ✗ report: пользовательские номера 01–08 соответствуют новому порядку  — REPORT-B008→06, REPORT-B012→07, REPORT-B013→08, REPORT-B009→10, REPORT-B011→12, REPORT-B014→15, REPORT-B015→16
  ✗ calc: все смысловые блоки имеют уникальный технический ID  — 77 ID, уникальных 42, ожидается 39
  ✗ report: все смысловые блоки имеют уникальный технический ID  — 47 ID, уникальных 30, ожидается 20
  ✗ канонический реестр правил: документы существуют  — RULE-010 → Архив/Задачи/З-041_аудит_назначения_всех_листов_книги.md; RULE-018 → Архив/Задачи/З-035_валидация_и_реалистичные_пределы_полей_c.md
  ✗ книга пересчитана (у формул есть значения)  — 1329 из 1329 формул без результата
  ✗ чистая книга: все формулы имеют кэш без ошибок  — calc!C22=None; calc!C23=None; calc!C24=None; calc!C26=None; calc!C29=None
  ✗ чистая книга: Полный_отчёт регистрирует весь верхнеуровневый контракт calc()  — нет: mgmtT
  ✗ данные трёх диаграмм сходятся с Выручкой каждого сценария  — Желаемая ставка: 2,042,534.97; Текущая ставка: 1,299,600.00; Ставка в ноль: 609,607.56
  ✗ чистая книга: контроль 5/10/15% распределяет фонд без превышения потока  — Контроль 10%, Контроль 15%, Контроль 5%
  ✗ демо-набор совпадает с расчётом по умолчанию  — pool: демо 907.8 ≠ расчёт 995.4; shotsYear: демо 63546 ≠ расчёт 69678; camWear: демо 0.876 ≠ расчёт 0.798908; costHour: демо 3357.61 ≠ расчёт 2602.76 и ещё 36
  ✗ report: постоянный headless-прогон 8 сценариев  — Node.js v20.20.2
  ✗ передача сессии: актуальный ZIP читается и содержит критические файлы  — [Errno 2] No such file or directory: 'Schetix_Photographer/Архив/Передача_между_сессиями/Счётикс_передача_АКТУАЛЬНАЯ.zip
  ! записей справочника без ссылок: 38  — Бюджет, Временные расходы, Время на постпродакшн, Год, Доход, Загрузка специалиста…

итого: 210 прошло · 37 упало · 1 замечаний
